warning: output filename collision at /tmp/honeycrisp-nebu-closure.GUEZG7/candidate-target/release/bench
  |
  = note: the bin target `bench` in package `rane-benches v0.2.0 (/private/tmp/honeycrisp-nebu-closure.GUEZG7/honeycrisp/rane/benches)` has the same output filename as the bin target `bench` in package `metal-benches v0.2.0 (/private/tmp/honeycrisp-nebu-closure.GUEZG7/honeycrisp/aruminium/benches)`
  = note: this may become a hard error in the future; see <https://github.com/rust-lang/cargo/issues/6313>
  = help: consider changing their names to be unique or compiling them separately
warning: output filename collision at /tmp/honeycrisp-nebu-closure.GUEZG7/candidate-target/release/bench.dSYM
  |
  = note: the bin target `bench` in package `rane-benches v0.2.0 (/private/tmp/honeycrisp-nebu-closure.GUEZG7/honeycrisp/rane/benches)` has the same output filename as the bin target `bench` in package `metal-benches v0.2.0 (/private/tmp/honeycrisp-nebu-closure.GUEZG7/honeycrisp/aruminium/benches)`
  = note: this may become a hard error in the future; see <https://github.com/rust-lang/cargo/issues/6313>
  = help: consider changing their names to be unique or compiling them separately
warning: output filename collision at /tmp/honeycrisp-nebu-closure.GUEZG7/candidate-target/release/compare
  |
  = note: the bin target `compare` in package `rane-benches v0.2.0 (/private/tmp/honeycrisp-nebu-closure.GUEZG7/honeycrisp/rane/benches)` has the same output filename as the bin target `compare` in package `metal-benches v0.2.0 (/private/tmp/honeycrisp-nebu-closure.GUEZG7/honeycrisp/aruminium/benches)`
  = note: this may become a hard error in the future; see <https://github.com/rust-lang/cargo/issues/6313>
  = help: consider changing their names to be unique or compiling them separately
warning: output filename collision at /tmp/honeycrisp-nebu-closure.GUEZG7/candidate-target/release/compare.dSYM
  |
  = note: the bin target `compare` in package `rane-benches v0.2.0 (/private/tmp/honeycrisp-nebu-closure.GUEZG7/honeycrisp/rane/benches)` has the same output filename as the bin target `compare` in package `metal-benches v0.2.0 (/private/tmp/honeycrisp-nebu-closure.GUEZG7/honeycrisp/aruminium/benches)`
  = note: this may become a hard error in the future; see <https://github.com/rust-lang/cargo/issues/6313>
  = help: consider changing their names to be unique or compiling them separately
   Compiling proc-macro2 v1.0.106
   Compiling unicode-ident v1.0.24
   Compiling quote v1.0.45
   Compiling libc v0.2.185
   Compiling crossbeam-utils v0.8.21
   Compiling cfg_aliases v0.2.1
   Compiling bitflags v2.11.0
   Compiling mutants v0.0.3
   Compiling libm v0.2.16
   Compiling autocfg v1.5.0
   Compiling zerocopy v0.8.48
   Compiling cfg-if v1.0.4
   Compiling parking_lot_core v0.9.12
   Compiling objc2 v0.6.4
   Compiling log v0.4.29
   Compiling core-foundation-sys v0.8.7
   Compiling thiserror v2.0.18
   Compiling paste v1.0.15
   Compiling naga v28.0.0
   Compiling foldhash v0.2.0
   Compiling objc2-encode v4.1.0
   Compiling smallvec v1.15.1
   Compiling unicode-width v0.2.2
   Compiling hashbrown v0.17.1
   Compiling foreign-types-shared v0.3.1
   Compiling bit-vec v0.8.0
   Compiling num-traits v0.2.19
   Compiling equivalent v1.0.2
   Compiling scopeguard v1.2.0
   Compiling codespan-reporting v0.12.0
   Compiling lock_api v0.4.14
   Compiling bit-set v0.8.0
   Compiling hashbrown v0.16.1
   Compiling wgpu-hal v28.0.1
   Compiling indexmap v2.14.0
   Compiling hexf-parse v0.2.1
   Compiling rustc-hash v1.1.0
   Compiling arrayvec v0.7.6
   Compiling once_cell v1.21.4
   Compiling block v0.1.6
   Compiling profiling v1.0.18
   Compiling raw-window-handle v0.6.2
   Compiling wgpu-core v28.0.1
   Compiling litrs v1.0.0
   Compiling wgpu v28.0.0
   Compiling document-features v0.2.12
   Compiling static_assertions v1.1.0
   Compiling pollster v0.4.0
   Compiling block2 v0.6.2
   Compiling objc2-core-foundation v0.3.2
   Compiling dispatch2 v0.3.1
   Compiling syn v2.0.117
   Compiling crossbeam-queue v0.3.12
   Compiling unimem v0.2.0 (/private/tmp/honeycrisp-nebu-closure.GUEZG7/honeycrisp/unimem)
   Compiling core-foundation v0.10.1
   Compiling malloc_buf v0.0.6
   Compiling objc2-foundation v0.3.2
   Compiling objc v0.2.7
   Compiling parking_lot v0.12.5
   Compiling core-graphics-types v0.2.0
   Compiling zerocopy-derive v0.8.48
   Compiling foreign-types-macros v0.2.3
   Compiling bytemuck_derive v1.10.2
   Compiling thiserror-impl v2.0.18
   Compiling foreign-types v0.5.0
   Compiling bytemuck v1.25.0
   Compiling acpu v0.2.0 (/private/tmp/honeycrisp-nebu-closure.GUEZG7/honeycrisp/acpu)
   Compiling metal v0.33.0
   Compiling aruminium v0.2.0 (/private/tmp/honeycrisp-nebu-closure.GUEZG7/honeycrisp/aruminium)
   Compiling rane v0.2.0 (/private/tmp/honeycrisp-nebu-closure.GUEZG7/honeycrisp/rane)
   Compiling honeycrisp v0.2.0 (/private/tmp/honeycrisp-nebu-closure.GUEZG7/honeycrisp)
   Compiling wgpu-types v28.0.0
   Compiling rane-benches v0.2.0 (/private/tmp/honeycrisp-nebu-closure.GUEZG7/honeycrisp/rane/benches)
   Compiling objc2-metal v0.3.2
   Compiling half v2.7.1
   Compiling wgpu-core-deps-apple v28.0.0
   Compiling metal-benches v0.2.0 (/private/tmp/honeycrisp-nebu-closure.GUEZG7/honeycrisp/aruminium/benches)
    Finished `release` profile [optimized] target(s) in 36.70s
